  MawasaProject.Domain -> C:\Coding Files\C#\MawasaSystem\MawasaProject\MawasaProject.Domain\bin\Debug\net10.0\MawasaProject.Domain.dll
  MawasaProject.Application -> C:\Coding Files\C#\MawasaSystem\MawasaProject\MawasaProject.Application\bin\Debug\net10.0\MawasaProject.Application.dll
  MawasaProject.Infrastructure -> C:\Coding Files\C#\MawasaSystem\MawasaProject\MawasaProject.Infrastructure\bin\Debug\net10.0\MawasaProject.Infrastructure.dll
C:\Program Files\dotnet\sdk\10.0.103\Microsoft.Common.CurrentVersion.targets(5381,5): warning MSB3026: Could not copy "C:\Coding Files\C#\MawasaSystem\MawasaProject\MawasaProject.Presentation\obj\Debug\net10.0-windows10.0.19041.0\win-x64\apphost.exe" to "bin\Debug\net10.0-windows10.0.19041.0\win-x64\MawasaProject.Presentation.exe". Beginning retry 1 in 1000ms. The process cannot access the file 'C:\Coding Files\C#\MawasaSystem\MawasaProject\MawasaProject.Presentation\bin\Debug\net10.0-windows10.0.19041.0\win-x64\MawasaProject.Presentation.exe' because it is being used by another process. The file is locked by: "MawasaProject.Presentation (23196)" [C:\Coding Files\C#\MawasaSystem\MawasaProject\MawasaProject.Presentation\MawasaProject.Presentation.csproj]
C:\Program Files\dotnet\sdk\10.0.103\Microsoft.Common.CurrentVersion.targets(5381,5): warning MSB3026: Could not copy "C:\Coding Files\C#\MawasaSystem\MawasaProject\MawasaProject.Presentation\obj\Debug\net10.0-windows10.0.19041.0\win-x64\apphost.exe" to "bin\Debug\net10.0-windows10.0.19041.0\win-x64\MawasaProject.Presentation.exe". Beginning retry 2 in 1000ms. The process cannot access the file 'C:\Coding Files\C#\MawasaSystem\MawasaProject\MawasaProject.Presentation\bin\Debug\net10.0-windows10.0.19041.0\win-x64\MawasaProject.Presentation.exe' because it is being used by another process. The file is locked by: "MawasaProject.Presentation (23196)" [C:\Coding Files\C#\MawasaSystem\MawasaProject\MawasaProject.Presentation\MawasaProject.Presentation.csproj]
C:\Program Files\dotnet\sdk\10.0.103\Microsoft.Common.CurrentVersion.targets(5381,5): warning MSB3026: Could not copy "C:\Coding Files\C#\MawasaSystem\MawasaProject\MawasaProject.Presentation\obj\Debug\net10.0-windows10.0.19041.0\win-x64\apphost.exe" to "bin\Debug\net10.0-windows10.0.19041.0\win-x64\MawasaProject.Presentation.exe". Beginning retry 3 in 1000ms. The process cannot access the file 'C:\Coding Files\C#\MawasaSystem\MawasaProject\MawasaProject.Presentation\bin\Debug\net10.0-windows10.0.19041.0\win-x64\MawasaProject.Presentation.exe' because it is being used by another process. The file is locked by: "MawasaProject.Presentation (23196)" [C:\Coding Files\C#\MawasaSystem\MawasaProject\MawasaProject.Presentation\MawasaProject.Presentation.csproj]
C:\Program Files\dotnet\sdk\10.0.103\Microsoft.Common.CurrentVersion.targets(5381,5): warning MSB3026: Could not copy "C:\Coding Files\C#\MawasaSystem\MawasaProject\MawasaProject.Presentation\obj\Debug\net10.0-windows10.0.19041.0\win-x64\apphost.exe" to "bin\Debug\net10.0-windows10.0.19041.0\win-x64\MawasaProject.Presentation.exe". Beginning retry 4 in 1000ms. The process cannot access the file 'C:\Coding Files\C#\MawasaSystem\MawasaProject\MawasaProject.Presentation\bin\Debug\net10.0-windows10.0.19041.0\win-x64\MawasaProject.Presentation.exe' because it is being used by another process. The file is locked by: "MawasaProject.Presentation (23196)" [C:\Coding Files\C#\MawasaSystem\MawasaProject\MawasaProject.Presentation\MawasaProject.Presentation.csproj]
C:\Program Files\dotnet\sdk\10.0.103\Microsoft.Common.CurrentVersion.targets(5381,5): warning MSB3026: Could not copy "C:\Coding Files\C#\MawasaSystem\MawasaProject\MawasaProject.Presentation\obj\Debug\net10.0-windows10.0.19041.0\win-x64\apphost.exe" to "bin\Debug\net10.0-windows10.0.19041.0\win-x64\MawasaProject.Presentation.exe". Beginning retry 5 in 1000ms. The process cannot access the file 'C:\Coding Files\C#\MawasaSystem\MawasaProject\MawasaProject.Presentation\bin\Debug\net10.0-windows10.0.19041.0\win-x64\MawasaProject.Presentation.exe' because it is being used by another process. The file is locked by: "MawasaProject.Presentation (23196)" [C:\Coding Files\C#\MawasaSystem\MawasaProject\MawasaProject.Presentation\MawasaProject.Presentation.csproj]
C:\Program Files\dotnet\sdk\10.0.103\Microsoft.Common.CurrentVersion.targets(5381,5): warning MSB3026: Could not copy "C:\Coding Files\C#\MawasaSystem\MawasaProject\MawasaProject.Presentation\obj\Debug\net10.0-windows10.0.19041.0\win-x64\apphost.exe" to "bin\Debug\net10.0-windows10.0.19041.0\win-x64\MawasaProject.Presentation.exe". Beginning retry 6 in 1000ms. The process cannot access the file 'C:\Coding Files\C#\MawasaSystem\MawasaProject\MawasaProject.Presentation\bin\Debug\net10.0-windows10.0.19041.0\win-x64\MawasaProject.Presentation.exe' because it is being used by another process. The file is locked by: "MawasaProject.Presentation (23196)" [C:\Coding Files\C#\MawasaSystem\MawasaProject\MawasaProject.Presentation\MawasaProject.Presentation.csproj]
C:\Program Files\dotnet\sdk\10.0.103\Microsoft.Common.CurrentVersion.targets(5381,5): warning MSB3026: Could not copy "C:\Coding Files\C#\MawasaSystem\MawasaProject\MawasaProject.Presentation\obj\Debug\net10.0-windows10.0.19041.0\win-x64\apphost.exe" to "bin\Debug\net10.0-windows10.0.19041.0\win-x64\MawasaProject.Presentation.exe". Beginning retry 7 in 1000ms. The process cannot access the file 'C:\Coding Files\C#\MawasaSystem\MawasaProject\MawasaProject.Presentation\bin\Debug\net10.0-windows10.0.19041.0\win-x64\MawasaProject.Presentation.exe' because it is being used by another process. The file is locked by: "MawasaProject.Presentation (23196)" [C:\Coding Files\C#\MawasaSystem\MawasaProject\MawasaProject.Presentation\MawasaProject.Presentation.csproj]
C:\Program Files\dotnet\sdk\10.0.103\Microsoft.Common.CurrentVersion.targets(5381,5): warning MSB3026: Could not copy "C:\Coding Files\C#\MawasaSystem\MawasaProject\MawasaProject.Presentation\obj\Debug\net10.0-windows10.0.19041.0\win-x64\apphost.exe" to "bin\Debug\net10.0-windows10.0.19041.0\win-x64\MawasaProject.Presentation.exe". Beginning retry 8 in 1000ms. The process cannot access the file 'C:\Coding Files\C#\MawasaSystem\MawasaProject\MawasaProject.Presentation\bin\Debug\net10.0-windows10.0.19041.0\win-x64\MawasaProject.Presentation.exe' because it is being used by another process. The file is locked by: "MawasaProject.Presentation (23196)" [C:\Coding Files\C#\MawasaSystem\MawasaProject\MawasaProject.Presentation\MawasaProject.Presentation.csproj]
C:\Program Files\dotnet\sdk\10.0.103\Microsoft.Common.CurrentVersion.targets(5381,5): warning MSB3026: Could not copy "C:\Coding Files\C#\MawasaSystem\MawasaProject\MawasaProject.Presentation\obj\Debug\net10.0-windows10.0.19041.0\win-x64\apphost.exe" to "bin\Debug\net10.0-windows10.0.19041.0\win-x64\MawasaProject.Presentation.exe". Beginning retry 9 in 1000ms. The process cannot access the file 'C:\Coding Files\C#\MawasaSystem\MawasaProject\MawasaProject.Presentation\bin\Debug\net10.0-windows10.0.19041.0\win-x64\MawasaProject.Presentation.exe' because it is being used by another process. The file is locked by: "MawasaProject.Presentation (23196)" [C:\Coding Files\C#\MawasaSystem\MawasaProject\MawasaProject.Presentation\MawasaProject.Presentation.csproj]
C:\Program Files\dotnet\sdk\10.0.103\Microsoft.Common.CurrentVersion.targets(5381,5): warning MSB3026: Could not copy "C:\Coding Files\C#\MawasaSystem\MawasaProject\MawasaProject.Presentation\obj\Debug\net10.0-windows10.0.19041.0\win-x64\apphost.exe" to "bin\Debug\net10.0-windows10.0.19041.0\win-x64\MawasaProject.Presentation.exe". Beginning retry 10 in 1000ms. The process cannot access the file 'C:\Coding Files\C#\MawasaSystem\MawasaProject\MawasaProject.Presentation\bin\Debug\net10.0-windows10.0.19041.0\win-x64\MawasaProject.Presentation.exe' because it is being used by another process. The file is locked by: "MawasaProject.Presentation (23196)" [C:\Coding Files\C#\MawasaSystem\MawasaProject\MawasaProject.Presentation\MawasaProject.Presentation.csproj]
C:\Program Files\dotnet\sdk\10.0.103\Microsoft.Common.CurrentVersion.targets(5381,5): error MSB3027: Could not copy "C:\Coding Files\C#\MawasaSystem\MawasaProject\MawasaProject.Presentation\obj\Debug\net10.0-windows10.0.19041.0\win-x64\apphost.exe" to "bin\Debug\net10.0-windows10.0.19041.0\win-x64\MawasaProject.Presentation.exe". Exceeded retry count of 10. Failed. The file is locked by: "MawasaProject.Presentation (23196)" [C:\Coding Files\C#\MawasaSystem\MawasaProject\MawasaProject.Presentation\MawasaProject.Presentation.csproj]
C:\Program Files\dotnet\sdk\10.0.103\Microsoft.Common.CurrentVersion.targets(5381,5): error MSB3021: Unable to copy file "C:\Coding Files\C#\MawasaSystem\MawasaProject\MawasaProject.Presentation\obj\Debug\net10.0-windows10.0.19041.0\win-x64\apphost.exe" to "bin\Debug\net10.0-windows10.0.19041.0\win-x64\MawasaProject.Presentation.exe". The process cannot access the file 'C:\Coding Files\C#\MawasaSystem\MawasaProject\MawasaProject.Presentation\bin\Debug\net10.0-windows10.0.19041.0\win-x64\MawasaProject.Presentation.exe' because it is being used by another process. [C:\Coding Files\C#\MawasaSystem\MawasaProject\MawasaProject.Presentation\MawasaProject.Presentation.csproj]

Build FAILED.

C:\Program Files\dotnet\sdk\10.0.103\Microsoft.Common.CurrentVersion.targets(5381,5): warning MSB3026: Could not copy "C:\Coding Files\C#\MawasaSystem\MawasaProject\MawasaProject.Presentation\obj\Debug\net10.0-windows10.0.19041.0\win-x64\apphost.exe" to "bin\Debug\net10.0-windows10.0.19041.0\win-x64\MawasaProject.Presentation.exe". Beginning retry 1 in 1000ms. The process cannot access the file 'C:\Coding Files\C#\MawasaSystem\MawasaProject\MawasaProject.Presentation\bin\Debug\net10.0-windows10.0.19041.0\win-x64\MawasaProject.Presentation.exe' because it is being used by another process. The file is locked by: "MawasaProject.Presentation (23196)" [C:\Coding Files\C#\MawasaSystem\MawasaProject\MawasaProject.Presentation\MawasaProject.Presentation.csproj]
C:\Program Files\dotnet\sdk\10.0.103\Microsoft.Common.CurrentVersion.targets(5381,5): warning MSB3026: Could not copy "C:\Coding Files\C#\MawasaSystem\MawasaProject\MawasaProject.Presentation\obj\Debug\net10.0-windows10.0.19041.0\win-x64\apphost.exe" to "bin\Debug\net10.0-windows10.0.19041.0\win-x64\MawasaProject.Presentation.exe". Beginning retry 2 in 1000ms. The process cannot access the file 'C:\Coding Files\C#\MawasaSystem\MawasaProject\MawasaProject.Presentation\bin\Debug\net10.0-windows10.0.19041.0\win-x64\MawasaProject.Presentation.exe' because it is being used by another process. The file is locked by: "MawasaProject.Presentation (23196)" [C:\Coding Files\C#\MawasaSystem\MawasaProject\MawasaProject.Presentation\MawasaProject.Presentation.csproj]
C:\Program Files\dotnet\sdk\10.0.103\Microsoft.Common.CurrentVersion.targets(5381,5): warning MSB3026: Could not copy "C:\Coding Files\C#\MawasaSystem\MawasaProject\MawasaProject.Presentation\obj\Debug\net10.0-windows10.0.19041.0\win-x64\apphost.exe" to "bin\Debug\net10.0-windows10.0.19041.0\win-x64\MawasaProject.Presentation.exe". Beginning retry 3 in 1000ms. The process cannot access the file 'C:\Coding Files\C#\MawasaSystem\MawasaProject\MawasaProject.Presentation\bin\Debug\net10.0-windows10.0.19041.0\win-x64\MawasaProject.Presentation.exe' because it is being used by another process. The file is locked by: "MawasaProject.Presentation (23196)" [C:\Coding Files\C#\MawasaSystem\MawasaProject\MawasaProject.Presentation\MawasaProject.Presentation.csproj]
C:\Program Files\dotnet\sdk\10.0.103\Microsoft.Common.CurrentVersion.targets(5381,5): warning MSB3026: Could not copy "C:\Coding Files\C#\MawasaSystem\MawasaProject\MawasaProject.Presentation\obj\Debug\net10.0-windows10.0.19041.0\win-x64\apphost.exe" to "bin\Debug\net10.0-windows10.0.19041.0\win-x64\MawasaProject.Presentation.exe". Beginning retry 4 in 1000ms. The process cannot access the file 'C:\Coding Files\C#\MawasaSystem\MawasaProject\MawasaProject.Presentation\bin\Debug\net10.0-windows10.0.19041.0\win-x64\MawasaProject.Presentation.exe' because it is being used by another process. The file is locked by: "MawasaProject.Presentation (23196)" [C:\Coding Files\C#\MawasaSystem\MawasaProject\MawasaProject.Presentation\MawasaProject.Presentation.csproj]
C:\Program Files\dotnet\sdk\10.0.103\Microsoft.Common.CurrentVersion.targets(5381,5): warning MSB3026: Could not copy "C:\Coding Files\C#\MawasaSystem\MawasaProject\MawasaProject.Presentation\obj\Debug\net10.0-windows10.0.19041.0\win-x64\apphost.exe" to "bin\Debug\net10.0-windows10.0.19041.0\win-x64\MawasaProject.Presentation.exe". Beginning retry 5 in 1000ms. The process cannot access the file 'C:\Coding Files\C#\MawasaSystem\MawasaProject\MawasaProject.Presentation\bin\Debug\net10.0-windows10.0.19041.0\win-x64\MawasaProject.Presentation.exe' because it is being used by another process. The file is locked by: "MawasaProject.Presentation (23196)" [C:\Coding Files\C#\MawasaSystem\MawasaProject\MawasaProject.Presentation\MawasaProject.Presentation.csproj]
C:\Program Files\dotnet\sdk\10.0.103\Microsoft.Common.CurrentVersion.targets(5381,5): warning MSB3026: Could not copy "C:\Coding Files\C#\MawasaSystem\MawasaProject\MawasaProject.Presentation\obj\Debug\net10.0-windows10.0.19041.0\win-x64\apphost.exe" to "bin\Debug\net10.0-windows10.0.19041.0\win-x64\MawasaProject.Presentation.exe". Beginning retry 6 in 1000ms. The process cannot access the file 'C:\Coding Files\C#\MawasaSystem\MawasaProject\MawasaProject.Presentation\bin\Debug\net10.0-windows10.0.19041.0\win-x64\MawasaProject.Presentation.exe' because it is being used by another process. The file is locked by: "MawasaProject.Presentation (23196)" [C:\Coding Files\C#\MawasaSystem\MawasaProject\MawasaProject.Presentation\MawasaProject.Presentation.csproj]
C:\Program Files\dotnet\sdk\10.0.103\Microsoft.Common.CurrentVersion.targets(5381,5): warning MSB3026: Could not copy "C:\Coding Files\C#\MawasaSystem\MawasaProject\MawasaProject.Presentation\obj\Debug\net10.0-windows10.0.19041.0\win-x64\apphost.exe" to "bin\Debug\net10.0-windows10.0.19041.0\win-x64\MawasaProject.Presentation.exe". Beginning retry 7 in 1000ms. The process cannot access the file 'C:\Coding Files\C#\MawasaSystem\MawasaProject\MawasaProject.Presentation\bin\Debug\net10.0-windows10.0.19041.0\win-x64\MawasaProject.Presentation.exe' because it is being used by another process. The file is locked by: "MawasaProject.Presentation (23196)" [C:\Coding Files\C#\MawasaSystem\MawasaProject\MawasaProject.Presentation\MawasaProject.Presentation.csproj]
C:\Program Files\dotnet\sdk\10.0.103\Microsoft.Common.CurrentVersion.targets(5381,5): warning MSB3026: Could not copy "C:\Coding Files\C#\MawasaSystem\MawasaProject\MawasaProject.Presentation\obj\Debug\net10.0-windows10.0.19041.0\win-x64\apphost.exe" to "bin\Debug\net10.0-windows10.0.19041.0\win-x64\MawasaProject.Presentation.exe". Beginning retry 8 in 1000ms. The process cannot access the file 'C:\Coding Files\C#\MawasaSystem\MawasaProject\MawasaProject.Presentation\bin\Debug\net10.0-windows10.0.19041.0\win-x64\MawasaProject.Presentation.exe' because it is being used by another process. The file is locked by: "MawasaProject.Presentation (23196)" [C:\Coding Files\C#\MawasaSystem\MawasaProject\MawasaProject.Presentation\MawasaProject.Presentation.csproj]
C:\Program Files\dotnet\sdk\10.0.103\Microsoft.Common.CurrentVersion.targets(5381,5): warning MSB3026: Could not copy "C:\Coding Files\C#\MawasaSystem\MawasaProject\MawasaProject.Presentation\obj\Debug\net10.0-windows10.0.19041.0\win-x64\apphost.exe" to "bin\Debug\net10.0-windows10.0.19041.0\win-x64\MawasaProject.Presentation.exe". Beginning retry 9 in 1000ms. The process cannot access the file 'C:\Coding Files\C#\MawasaSystem\MawasaProject\MawasaProject.Presentation\bin\Debug\net10.0-windows10.0.19041.0\win-x64\MawasaProject.Presentation.exe' because it is being used by another process. The file is locked by: "MawasaProject.Presentation (23196)" [C:\Coding Files\C#\MawasaSystem\MawasaProject\MawasaProject.Presentation\MawasaProject.Presentation.csproj]
C:\Program Files\dotnet\sdk\10.0.103\Microsoft.Common.CurrentVersion.targets(5381,5): warning MSB3026: Could not copy "C:\Coding Files\C#\MawasaSystem\MawasaProject\MawasaProject.Presentation\obj\Debug\net10.0-windows10.0.19041.0\win-x64\apphost.exe" to "bin\Debug\net10.0-windows10.0.19041.0\win-x64\MawasaProject.Presentation.exe". Beginning retry 10 in 1000ms. The process cannot access the file 'C:\Coding Files\C#\MawasaSystem\MawasaProject\MawasaProject.Presentation\bin\Debug\net10.0-windows10.0.19041.0\win-x64\MawasaProject.Presentation.exe' because it is being used by another process. The file is locked by: "MawasaProject.Presentation (23196)" [C:\Coding Files\C#\MawasaSystem\MawasaProject\MawasaProject.Presentation\MawasaProject.Presentation.csproj]
C:\Program Files\dotnet\sdk\10.0.103\Microsoft.Common.CurrentVersion.targets(5381,5): error MSB3027: Could not copy "C:\Coding Files\C#\MawasaSystem\MawasaProject\MawasaProject.Presentation\obj\Debug\net10.0-windows10.0.19041.0\win-x64\apphost.exe" to "bin\Debug\net10.0-windows10.0.19041.0\win-x64\MawasaProject.Presentation.exe". Exceeded retry count of 10. Failed. The file is locked by: "MawasaProject.Presentation (23196)" [C:\Coding Files\C#\MawasaSystem\MawasaProject\MawasaProject.Presentation\MawasaProject.Presentation.csproj]
C:\Program Files\dotnet\sdk\10.0.103\Microsoft.Common.CurrentVersion.targets(5381,5): error MSB3021: Unable to copy file "C:\Coding Files\C#\MawasaSystem\MawasaProject\MawasaProject.Presentation\obj\Debug\net10.0-windows10.0.19041.0\win-x64\apphost.exe" to "bin\Debug\net10.0-windows10.0.19041.0\win-x64\MawasaProject.Presentation.exe". The process cannot access the file 'C:\Coding Files\C#\MawasaSystem\MawasaProject\MawasaProject.Presentation\bin\Debug\net10.0-windows10.0.19041.0\win-x64\MawasaProject.Presentation.exe' because it is being used by another process. [C:\Coding Files\C#\MawasaSystem\MawasaProject\MawasaProject.Presentation\MawasaProject.Presentation.csproj]
    10 Warning(s)
    2 Error(s)

Time Elapsed 00:00:16.03
